// Jest Snapshot v1, https://goo.gl/fbAQLP

exports[`Paragraph should match snapshot 1`] = `
<View
  style={
    Object {
      "flex": 1,
      "flexDirection": "row",
      "width": "100%",
    }
  }
>
  <View
    style={
      Object {
        "flex": 1,
      }
    }
  >
    <View
      style={
        Array [
          Object {
            "alignSelf": "stretch",
            "backgroundColor": "green",
            "borderRadius": 3.5,
            "height": 14,
            "marginBottom": 14,
            "width": "30%",
          },
          undefined,
        ]
      }
    />
    <View
      style={
        Array [
          Object {
            "alignSelf": "stretch",
            "backgroundColor": "green",
            "borderRadius": 3.5,
            "height": 14,
            "marginBottom": 14,
            "width": "80%",
          },
          undefined,
        ]
      }
    />
    <View
      style={
        Array [
          Object {
            "alignSelf": "stretch",
            "backgroundColor": "green",
            "borderRadius": 3.5,
            "height": 14,
            "marginBottom": 14,
            "width": "80%",
          },
          undefined,
        ]
      }
    />
    <View
      style={
        Array [
          Object {
            "alignSelf": "stretch",
            "backgroundColor": "green",
            "borderRadius": 3.5,
            "height": 14,
            "marginBottom": 14,
            "width": "80%",
          },
          undefined,
        ]
      }
    />
    <View
      style={
        Array [
          Object {
            "alignSelf": "stretch",
            "backgroundColor": "green",
            "borderRadius": 3.5,
            "height": 14,
            "marginBottom": 14,
            "width": "80%",
          },
          undefined,
        ]
      }
    />
    <View
      style={
        Array [
          Object {
            "alignSelf": "stretch",
            "backgroundColor": "green",
            "borderRadius": 3.5,
            "height": 14,
            "marginBottom": 14,
            "width": "80%",
          },
          undefined,
        ]
      }
    />
    <View
      style={
        Array [
          Object {
            "alignSelf": "stretch",
            "backgroundColor": "green",
            "borderRadius": 3.5,
            "height": 14,
            "marginBottom": 14,
            "width": "80%",
          },
          undefined,
        ]
      }
    />
    <View
      style={
        Array [
          Object {
            "alignSelf": "stretch",
            "backgroundColor": "green",
            "borderRadius": 3.5,
            "height": 14,
            "marginBottom": 14,
            "width": "80%",
          },
          undefined,
        ]
      }
    />
    <View
      style={
        Array [
          Object {
            "alignSelf": "stretch",
            "backgroundColor": "green",
            "borderRadius": 3.5,
            "height": 14,
            "marginBottom": 14,
            "width": "80%",
          },
          undefined,
        ]
      }
    />
    <View
      style={
        Array [
          Object {
            "alignSelf": "stretch",
            "backgroundColor": "green",
            "borderRadius": 3.5,
            "height": 14,
            "marginBottom": 0,
            "width": "40%",
          },
          undefined,
        ]
      }
    />
  </View>
</View>
`;
